TimeQuest Timing Analyzer report for labka12
Fri Sep 06 00:00:21 2019
Quartus II 64-Bit Version 12.1 Build 243 01/31/2013 Service Pack 1 SJ Web Edition


---------------------
; Table of Contents ;
---------------------
  1. Legal Notice
  2. TimeQuest Timing Analyzer Summary
  3. Parallel Compilation
  4. SDC File List
  5. Clocks
  6. Slow 1200mV 85C Model Fmax Summary
  7. Slow 1200mV 85C Model Setup Summary
  8. Slow 1200mV 85C Model Hold Summary
  9. Slow 1200mV 85C Model Recovery Summary
 10. Slow 1200mV 85C Model Removal Summary
 11. Slow 1200mV 85C Model Minimum Pulse Width Summary
 12. Slow 1200mV 85C Model Minimum Pulse Width: '4'
 13. Slow 1200mV 85C Model Minimum Pulse Width: '3'
 14. Slow 1200mV 85C Model Minimum Pulse Width: '2'
 15. Slow 1200mV 85C Model Minimum Pulse Width: '1'
 16. Clock to Output Times
 17. Minimum Clock to Output Times
 18. Slow 1200mV 85C Model Metastability Report
 19. Slow 1200mV 0C Model Fmax Summary
 20. Slow 1200mV 0C Model Setup Summary
 21. Slow 1200mV 0C Model Hold Summary
 22. Slow 1200mV 0C Model Recovery Summary
 23. Slow 1200mV 0C Model Removal Summary
 24. Slow 1200mV 0C Model Minimum Pulse Width Summary
 25. Slow 1200mV 0C Model Minimum Pulse Width: '4'
 26. Slow 1200mV 0C Model Minimum Pulse Width: '3'
 27. Slow 1200mV 0C Model Minimum Pulse Width: '2'
 28. Slow 1200mV 0C Model Minimum Pulse Width: '1'
 29. Clock to Output Times
 30. Minimum Clock to Output Times
 31. Slow 1200mV 0C Model Metastability Report
 32. Fast 1200mV 0C Model Setup Summary
 33. Fast 1200mV 0C Model Hold Summary
 34. Fast 1200mV 0C Model Recovery Summary
 35. Fast 1200mV 0C Model Removal Summary
 36. Fast 1200mV 0C Model Minimum Pulse Width Summary
 37. Fast 1200mV 0C Model Minimum Pulse Width: '4'
 38. Fast 1200mV 0C Model Minimum Pulse Width: '3'
 39. Fast 1200mV 0C Model Minimum Pulse Width: '2'
 40. Fast 1200mV 0C Model Minimum Pulse Width: '1'
 41. Clock to Output Times
 42. Minimum Clock to Output Times
 43. Fast 1200mV 0C Model Metastability Report
 44. Multicorner Timing Analysis Summary
 45. Clock to Output Times
 46. Minimum Clock to Output Times
 47. Board Trace Model Assignments
 48. Input Transition Times
 49. Slow Corner Signal Integrity Metrics
 50. Fast Corner Signal Integrity Metrics
 51. Clock Transfers
 52. Report TCCS
 53. Report RSKM
 54. Unconstrained Paths
 55. TimeQuest Timing Analyzer Messages



----------------
; Legal Notice ;
----------------
Copyright (C) 1991-2012 Altera Corporation
Your use of Altera Corporation's design tools, logic functions 
and other software and tools, and its AMPP partner logic 
functions, and any output files from any of the foregoing 
(including device programming or simulation files), and any 
associated documentation or information are expressly subject 
to the terms and conditions of the Altera Program License 
Subscription Agreement, Altera MegaCore Function License 
Agreement, or other applicable license agreement, including, 
without limitation, that your use is for the sole purpose of 
programming logic devices manufactured by Altera and sold by 
Altera or its authorized distributors.  Please refer to the 
applicable agreement for further details.



+--------------------------------------------------------------------------------------+
; TimeQuest Timing Analyzer Summary                                                    ;
+--------------------+-----------------------------------------------------------------+
; Quartus II Version ; Version 12.1 Build 243 01/31/2013 Service Pack 1 SJ Web Edition ;
; Revision Name      ; labka12                                                         ;
; Device Family      ; Cyclone III                                                     ;
; Device Name        ; EP3C16F484C6                                                    ;
; Timing Models      ; Final                                                           ;
; Delay Model        ; Combined                                                        ;
; Rise/Fall Delays   ; Enabled                                                         ;
+--------------------+-----------------------------------------------------------------+


Parallel compilation was disabled, but you have multiple processors available. Enable parallel compilation to reduce compilation time.
+-------------------------------------+
; Parallel Compilation                ;
+----------------------------+--------+
; Processors                 ; Number ;
+----------------------------+--------+
; Number detected on machine ; 8      ;
; Maximum allowed            ; 1      ;
+----------------------------+--------+


+---------------------------------------------------+
; SDC File List                                     ;
+---------------+--------+--------------------------+
; SDC File Path ; Status ; Read at                  ;
+---------------+--------+--------------------------+
; labka12.sdc   ; OK     ; Fri Sep 06 00:00:20 2019 ;
+---------------+--------+--------------------------+


+------------------------------------------------------------------------------------------------------------------------------------------------------------------------------------+
; Clocks                                                                                                                                                                             ;
+------------+------+---------+-----------+-------+---------+------------+-----------+-------------+-------+--------+-----------+------------+----------+--------+--------+----------+
; Clock Name ; Type ; Period  ; Frequency ; Rise  ; Fall    ; Duty Cycle ; Divide by ; Multiply by ; Phase ; Offset ; Edge List ; Edge Shift ; Inverted ; Master ; Source ; Targets  ;
+------------+------+---------+-----------+-------+---------+------------+-----------+-------------+-------+--------+-----------+------------+----------+--------+--------+----------+
; 1          ; Base ; 200.000 ; 5.0 MHz   ; 0.000 ; 100.000 ;            ;           ;             ;       ;        ;           ;            ;          ;        ;        ; { x[0] } ;
; 2          ; Base ; 100.000 ; 10.0 MHz  ; 0.000 ; 50.000  ;            ;           ;             ;       ;        ;           ;            ;          ;        ;        ; { x[1] } ;
; 3          ; Base ; 50.000  ; 20.0 MHz  ; 0.000 ; 25.000  ;            ;           ;             ;       ;        ;           ;            ;          ;        ;        ; { x[2] } ;
; 4          ; Base ; 25.000  ; 40.0 MHz  ; 0.000 ; 12.500  ;            ;           ;             ;       ;        ;           ;            ;          ;        ;        ; { x[3] } ;
+------------+------+---------+-----------+-------+---------+------------+-----------+-------------+-------+--------+-----------+------------+----------+--------+--------+----------+


--------------------------------------
; Slow 1200mV 85C Model Fmax Summary ;
--------------------------------------
No paths to report.


---------------------------------------
; Slow 1200mV 85C Model Setup Summary ;
---------------------------------------
No paths to report.


--------------------------------------
; Slow 1200mV 85C Model Hold Summary ;
--------------------------------------
No paths to report.


------------------------------------------
; Slow 1200mV 85C Model Recovery Summary ;
------------------------------------------
No paths to report.


-----------------------------------------
; Slow 1200mV 85C Model Removal Summary ;
-----------------------------------------
No paths to report.


+---------------------------------------------------+
; Slow 1200mV 85C Model Minimum Pulse Width Summary ;
+-------+---------+---------------------------------+
; Clock ; Slack   ; End Point TNS                   ;
+-------+---------+---------------------------------+
; 4     ; 21.000  ; 0.000                           ;
; 3     ; 46.000  ; 0.000                           ;
; 2     ; 96.000  ; 0.000                           ;
; 1     ; 196.000 ; 0.000                           ;
+-------+---------+---------------------------------+


+----------------------------------------------------------------------------------+
; Slow 1200mV 85C Model Minimum Pulse Width: '4'                                   ;
+--------+--------------+----------------+-----------+-------+------------+--------+
; Slack  ; Actual Width ; Required Width ; Type      ; Clock ; Clock Edge ; Target ;
+--------+--------------+----------------+-----------+-------+------------+--------+
; 21.000 ; 25.000       ; 4.000          ; Port Rate ; 4     ; Rise       ; x[3]   ;
+--------+--------------+----------------+-----------+-------+------------+--------+


+----------------------------------------------------------------------------------+
; Slow 1200mV 85C Model Minimum Pulse Width: '3'                                   ;
+--------+--------------+----------------+-----------+-------+------------+--------+
; Slack  ; Actual Width ; Required Width ; Type      ; Clock ; Clock Edge ; Target ;
+--------+--------------+----------------+-----------+-------+------------+--------+
; 46.000 ; 50.000       ; 4.000          ; Port Rate ; 3     ; Rise       ; x[2]   ;
+--------+--------------+----------------+-----------+-------+------------+--------+


+----------------------------------------------------------------------------------+
; Slow 1200mV 85C Model Minimum Pulse Width: '2'                                   ;
+--------+--------------+----------------+-----------+-------+------------+--------+
; Slack  ; Actual Width ; Required Width ; Type      ; Clock ; Clock Edge ; Target ;
+--------+--------------+----------------+-----------+-------+------------+--------+
; 96.000 ; 100.000      ; 4.000          ; Port Rate ; 2     ; Rise       ; x[1]   ;
+--------+--------------+----------------+-----------+-------+------------+--------+


+-----------------------------------------------------------------------------------+
; Slow 1200mV 85C Model Minimum Pulse Width: '1'                                    ;
+---------+--------------+----------------+-----------+-------+------------+--------+
; Slack   ; Actual Width ; Required Width ; Type      ; Clock ; Clock Edge ; Target ;
+---------+--------------+----------------+-----------+-------+------------+--------+
; 196.000 ; 200.000      ; 4.000          ; Port Rate ; 1     ; Rise       ; x[0]   ;
+---------+--------------+----------------+-----------+-------+------------+--------+


+-----------------------------------------------------------------------+
; Clock to Output Times                                                 ;
+-----------+------------+-------+-------+------------+-----------------+
; Data Port ; Clock Port ; Rise  ; Fall  ; Clock Edge ; Clock Reference ;
+-----------+------------+-------+-------+------------+-----------------+
; out       ; 1          ; 6.724 ; 6.676 ; Rise       ; 1               ;
; out       ; 1          ; 6.724 ; 6.676 ; Fall       ; 1               ;
; out       ; 2          ; 6.549 ; 6.466 ; Rise       ; 2               ;
; out       ; 2          ; 6.549 ; 6.466 ; Fall       ; 2               ;
; out       ; 3          ; 6.529 ; 6.060 ; Rise       ; 3               ;
; out       ; 3          ; 6.529 ; 6.060 ; Fall       ; 3               ;
; out       ; 4          ; 6.798 ; 6.643 ; Rise       ; 4               ;
; out       ; 4          ; 6.798 ; 6.643 ; Fall       ; 4               ;
+-----------+------------+-------+-------+------------+-----------------+


+-----------------------------------------------------------------------+
; Minimum Clock to Output Times                                         ;
+-----------+------------+-------+-------+------------+-----------------+
; Data Port ; Clock Port ; Rise  ; Fall  ; Clock Edge ; Clock Reference ;
+-----------+------------+-------+-------+------------+-----------------+
; out       ; 1          ; 6.154 ; 6.082 ; Rise       ; 1               ;
; out       ; 1          ; 6.154 ; 6.082 ; Fall       ; 1               ;
; out       ; 2          ; 5.992 ; 5.919 ; Rise       ; 2               ;
; out       ; 2          ; 5.992 ; 5.919 ; Fall       ; 2               ;
; out       ; 3          ; 6.376 ; 5.918 ; Rise       ; 3               ;
; out       ; 3          ; 6.376 ; 5.918 ; Fall       ; 3               ;
; out       ; 4          ; 6.157 ; 6.157 ; Rise       ; 4               ;
; out       ; 4          ; 6.157 ; 6.157 ; Fall       ; 4               ;
+-----------+------------+-------+-------+------------+-----------------+


----------------------------------------------
; Slow 1200mV 85C Model Metastability Report ;
----------------------------------------------
No synchronizer chains to report.


-------------------------------------
; Slow 1200mV 0C Model Fmax Summary ;
-------------------------------------
No paths to report.


--------------------------------------
; Slow 1200mV 0C Model Setup Summary ;
--------------------------------------
No paths to report.


-------------------------------------
; Slow 1200mV 0C Model Hold Summary ;
-------------------------------------
No paths to report.


-----------------------------------------
; Slow 1200mV 0C Model Recovery Summary ;
-----------------------------------------
No paths to report.


----------------------------------------
; Slow 1200mV 0C Model Removal Summary ;
----------------------------------------
No paths to report.


+--------------------------------------------------+
; Slow 1200mV 0C Model Minimum Pulse Width Summary ;
+-------+---------+--------------------------------+
; Clock ; Slack   ; End Point TNS                  ;
+-------+---------+--------------------------------+
; 4     ; 21.000  ; 0.000                          ;
; 3     ; 46.000  ; 0.000                          ;
; 2     ; 96.000  ; 0.000                          ;
; 1     ; 196.000 ; 0.000                          ;
+-------+---------+--------------------------------+


+----------------------------------------------------------------------------------+
; Slow 1200mV 0C Model Minimum Pulse Width: '4'                                    ;
+--------+--------------+----------------+-----------+-------+------------+--------+
; Slack  ; Actual Width ; Required Width ; Type      ; Clock ; Clock Edge ; Target ;
+--------+--------------+----------------+-----------+-------+------------+--------+
; 21.000 ; 25.000       ; 4.000          ; Port Rate ; 4     ; Rise       ; x[3]   ;
+--------+--------------+----------------+-----------+-------+------------+--------+


+----------------------------------------------------------------------------------+
; Slow 1200mV 0C Model Minimum Pulse Width: '3'                                    ;
+--------+--------------+----------------+-----------+-------+------------+--------+
; Slack  ; Actual Width ; Required Width ; Type      ; Clock ; Clock Edge ; Target ;
+--------+--------------+----------------+-----------+-------+------------+--------+
; 46.000 ; 50.000       ; 4.000          ; Port Rate ; 3     ; Rise       ; x[2]   ;
+--------+--------------+----------------+-----------+-------+------------+--------+


+----------------------------------------------------------------------------------+
; Slow 1200mV 0C Model Minimum Pulse Width: '2'                                    ;
+--------+--------------+----------------+-----------+-------+------------+--------+
; Slack  ; Actual Width ; Required Width ; Type      ; Clock ; Clock Edge ; Target ;
+--------+--------------+----------------+-----------+-------+------------+--------+
; 96.000 ; 100.000      ; 4.000          ; Port Rate ; 2     ; Rise       ; x[1]   ;
+--------+--------------+----------------+-----------+-------+------------+--------+


+-----------------------------------------------------------------------------------+
; Slow 1200mV 0C Model Minimum Pulse Width: '1'                                     ;
+---------+--------------+----------------+-----------+-------+------------+--------+
; Slack   ; Actual Width ; Required Width ; Type      ; Clock ; Clock Edge ; Target ;
+---------+--------------+----------------+-----------+-------+------------+--------+
; 196.000 ; 200.000      ; 4.000          ; Port Rate ; 1     ; Rise       ; x[0]   ;
+---------+--------------+----------------+-----------+-------+------------+--------+


+-----------------------------------------------------------------------+
; Clock to Output Times                                                 ;
+-----------+------------+-------+-------+------------+-----------------+
; Data Port ; Clock Port ; Rise  ; Fall  ; Clock Edge ; Clock Reference ;
+-----------+------------+-------+-------+------------+-----------------+
; out       ; 1          ; 6.200 ; 6.135 ; Rise       ; 1               ;
; out       ; 1          ; 6.200 ; 6.135 ; Fall       ; 1               ;
; out       ; 2          ; 6.052 ; 5.954 ; Rise       ; 2               ;
; out       ; 2          ; 6.052 ; 5.954 ; Fall       ; 2               ;
; out       ; 3          ; 6.028 ; 5.602 ; Rise       ; 3               ;
; out       ; 3          ; 6.028 ; 5.602 ; Fall       ; 3               ;
; out       ; 4          ; 6.262 ; 6.101 ; Rise       ; 4               ;
; out       ; 4          ; 6.262 ; 6.101 ; Fall       ; 4               ;
+-----------+------------+-------+-------+------------+-----------------+


+-----------------------------------------------------------------------+
; Minimum Clock to Output Times                                         ;
+-----------+------------+-------+-------+------------+-----------------+
; Data Port ; Clock Port ; Rise  ; Fall  ; Clock Edge ; Clock Reference ;
+-----------+------------+-------+-------+------------+-----------------+
; out       ; 1          ; 5.715 ; 5.627 ; Rise       ; 1               ;
; out       ; 1          ; 5.715 ; 5.627 ; Fall       ; 1               ;
; out       ; 2          ; 5.574 ; 5.485 ; Rise       ; 2               ;
; out       ; 2          ; 5.574 ; 5.485 ; Fall       ; 2               ;
; out       ; 3          ; 5.898 ; 5.480 ; Rise       ; 3               ;
; out       ; 3          ; 5.898 ; 5.480 ; Fall       ; 3               ;
; out       ; 4          ; 5.717 ; 5.693 ; Rise       ; 4               ;
; out       ; 4          ; 5.717 ; 5.693 ; Fall       ; 4               ;
+-----------+------------+-------+-------+------------+-----------------+


---------------------------------------------
; Slow 1200mV 0C Model Metastability Report ;
---------------------------------------------
No synchronizer chains to report.


--------------------------------------
; Fast 1200mV 0C Model Setup Summary ;
--------------------------------------
No paths to report.


-------------------------------------
; Fast 1200mV 0C Model Hold Summary ;
-------------------------------------
No paths to report.


-----------------------------------------
; Fast 1200mV 0C Model Recovery Summary ;
-----------------------------------------
No paths to report.


----------------------------------------
; Fast 1200mV 0C Model Removal Summary ;
----------------------------------------
No paths to report.


+--------------------------------------------------+
; Fast 1200mV 0C Model Minimum Pulse Width Summary ;
+-------+---------+--------------------------------+
; Clock ; Slack   ; End Point TNS                  ;
+-------+---------+--------------------------------+
; 4     ; 21.000  ; 0.000                          ;
; 3     ; 46.000  ; 0.000                          ;
; 2     ; 96.000  ; 0.000                          ;
; 1     ; 196.000 ; 0.000                          ;
+-------+---------+--------------------------------+


+----------------------------------------------------------------------------------+
; Fast 1200mV 0C Model Minimum Pulse Width: '4'                                    ;
+--------+--------------+----------------+-----------+-------+------------+--------+
; Slack  ; Actual Width ; Required Width ; Type      ; Clock ; Clock Edge ; Target ;
+--------+--------------+----------------+-----------+-------+------------+--------+
; 21.000 ; 25.000       ; 4.000          ; Port Rate ; 4     ; Rise       ; x[3]   ;
+--------+--------------+----------------+-----------+-------+------------+--------+


+----------------------------------------------------------------------------------+
; Fast 1200mV 0C Model Minimum Pulse Width: '3'                                    ;
+--------+--------------+----------------+-----------+-------+------------+--------+
; Slack  ; Actual Width ; Required Width ; Type      ; Clock ; Clock Edge ; Target ;
+--------+--------------+----------------+-----------+-------+------------+--------+
; 46.000 ; 50.000       ; 4.000          ; Port Rate ; 3     ; Rise       ; x[2]   ;
+--------+--------------+----------------+-----------+-------+------------+--------+


+----------------------------------------------------------------------------------+
; Fast 1200mV 0C Model Minimum Pulse Width: '2'                                    ;
+--------+--------------+----------------+-----------+-------+------------+--------+
; Slack  ; Actual Width ; Required Width ; Type      ; Clock ; Clock Edge ; Target ;
+--------+--------------+----------------+-----------+-------+------------+--------+
; 96.000 ; 100.000      ; 4.000          ; Port Rate ; 2     ; Rise       ; x[1]   ;
+--------+--------------+----------------+-----------+-------+------------+--------+


+-----------------------------------------------------------------------------------+
; Fast 1200mV 0C Model Minimum Pulse Width: '1'                                     ;
+---------+--------------+----------------+-----------+-------+------------+--------+
; Slack   ; Actual Width ; Required Width ; Type      ; Clock ; Clock Edge ; Target ;
+---------+--------------+----------------+-----------+-------+------------+--------+
; 196.000 ; 200.000      ; 4.000          ; Port Rate ; 1     ; Rise       ; x[0]   ;
+---------+--------------+----------------+-----------+-------+------------+--------+


+-----------------------------------------------------------------------+
; Clock to Output Times                                                 ;
+-----------+------------+-------+-------+------------+-----------------+
; Data Port ; Clock Port ; Rise  ; Fall  ; Clock Edge ; Clock Reference ;
+-----------+------------+-------+-------+------------+-----------------+
; out       ; 1          ; 4.262 ; 4.276 ; Rise       ; 1               ;
; out       ; 1          ; 4.262 ; 4.276 ; Fall       ; 1               ;
; out       ; 2          ; 4.177 ; 4.181 ; Rise       ; 2               ;
; out       ; 2          ; 4.177 ; 4.181 ; Fall       ; 2               ;
; out       ; 3          ; 4.136 ; 3.597 ; Rise       ; 3               ;
; out       ; 3          ; 4.136 ; 3.597 ; Fall       ; 3               ;
; out       ; 4          ; 4.304 ; 4.261 ; Rise       ; 4               ;
; out       ; 4          ; 4.304 ; 4.261 ; Fall       ; 4               ;
+-----------+------------+-------+-------+------------+-----------------+


+-----------------------------------------------------------------------+
; Minimum Clock to Output Times                                         ;
+-----------+------------+-------+-------+------------+-----------------+
; Data Port ; Clock Port ; Rise  ; Fall  ; Clock Edge ; Clock Reference ;
+-----------+------------+-------+-------+------------+-----------------+
; out       ; 1          ; 3.599 ; 3.605 ; Rise       ; 1               ;
; out       ; 1          ; 3.599 ; 3.605 ; Fall       ; 1               ;
; out       ; 2          ; 3.523 ; 3.535 ; Rise       ; 2               ;
; out       ; 2          ; 3.523 ; 3.535 ; Fall       ; 2               ;
; out       ; 3          ; 4.048 ; 3.516 ; Rise       ; 3               ;
; out       ; 3          ; 4.048 ; 3.516 ; Fall       ; 3               ;
; out       ; 4          ; 3.598 ; 3.645 ; Rise       ; 4               ;
; out       ; 4          ; 3.598 ; 3.645 ; Fall       ; 4               ;
+-----------+------------+-------+-------+------------+-----------------+


---------------------------------------------
; Fast 1200mV 0C Model Metastability Report ;
---------------------------------------------
No synchronizer chains to report.


+----------------------------------------------------------------------------+
; Multicorner Timing Analysis Summary                                        ;
+------------------+-------+------+----------+---------+---------------------+
; Clock            ; Setup ; Hold ; Recovery ; Removal ; Minimum Pulse Width ;
+------------------+-------+------+----------+---------+---------------------+
; Worst-case Slack ; N/A   ; N/A  ; N/A      ; N/A     ; 21.000              ;
;  1               ; N/A   ; N/A  ; N/A      ; N/A     ; 196.000             ;
;  2               ; N/A   ; N/A  ; N/A      ; N/A     ; 96.000              ;
;  3               ; N/A   ; N/A  ; N/A      ; N/A     ; 46.000              ;
;  4               ; N/A   ; N/A  ; N/A      ; N/A     ; 21.000              ;
; Design-wide TNS  ; 0.0   ; 0.0  ; 0.0      ; 0.0     ; 0.0                 ;
;  1               ; N/A   ; N/A  ; N/A      ; N/A     ; 0.000               ;
;  2               ; N/A   ; N/A  ; N/A      ; N/A     ; 0.000               ;
;  3               ; N/A   ; N/A  ; N/A      ; N/A     ; 0.000               ;
;  4               ; N/A   ; N/A  ; N/A      ; N/A     ; 0.000               ;
+------------------+-------+------+----------+---------+---------------------+


+-----------------------------------------------------------------------+
; Clock to Output Times                                                 ;
+-----------+------------+-------+-------+------------+-----------------+
; Data Port ; Clock Port ; Rise  ; Fall  ; Clock Edge ; Clock Reference ;
+-----------+------------+-------+-------+------------+-----------------+
; out       ; 1          ; 6.724 ; 6.676 ; Rise       ; 1               ;
; out       ; 1          ; 6.724 ; 6.676 ; Fall       ; 1               ;
; out       ; 2          ; 6.549 ; 6.466 ; Rise       ; 2               ;
; out       ; 2          ; 6.549 ; 6.466 ; Fall       ; 2               ;
; out       ; 3          ; 6.529 ; 6.060 ; Rise       ; 3               ;
; out       ; 3          ; 6.529 ; 6.060 ; Fall       ; 3               ;
; out       ; 4          ; 6.798 ; 6.643 ; Rise       ; 4               ;
; out       ; 4          ; 6.798 ; 6.643 ; Fall       ; 4               ;
+-----------+------------+-------+-------+------------+-----------------+


+-----------------------------------------------------------------------+
; Minimum Clock to Output Times                                         ;
+-----------+------------+-------+-------+------------+-----------------+
; Data Port ; Clock Port ; Rise  ; Fall  ; Clock Edge ; Clock Reference ;
+-----------+------------+-------+-------+------------+-----------------+
; out       ; 1          ; 3.599 ; 3.605 ; Rise       ; 1               ;
; out       ; 1          ; 3.599 ; 3.605 ; Fall       ; 1               ;
; out       ; 2          ; 3.523 ; 3.535 ; Rise       ; 2               ;
; out       ; 2          ; 3.523 ; 3.535 ; Fall       ; 2               ;
; out       ; 3          ; 4.048 ; 3.516 ; Rise       ; 3               ;
; out       ; 3          ; 4.048 ; 3.516 ; Fall       ; 3               ;
; out       ; 4          ; 3.598 ; 3.645 ; Rise       ; 4               ;
; out       ; 4          ; 3.598 ; 3.645 ; Fall       ; 4               ;
+-----------+------------+-------+-------+------------+-----------------+


+------------------------------------------------------------------------------------------------------------------------------------------------------------------------------------------------------------------------------------------------------------------------------------------------------------------------------------------------------------------------------------------------------------------+
; Board Trace Model Assignments                                                                                                                                                                                                                                                                                                                                                                                    ;
+---------------+--------------+-------------------+-------------------------+-------------------------+---------------+---------------------+----------------+------------------+--------+------------------+------------------------+------------------------+--------------+---------------+-----------------+-------+---------------------+--------------------+---------------+-----------------+-------------+
; Pin           ; I/O Standard ; Near Tline Length ; Near Tline L per Length ; Near Tline C per Length ; Near Series R ; Near Differential R ; Near Pull-up R ; Near Pull-down R ; Near C ; Far Tline Length ; Far Tline L per Length ; Far Tline C per Length ; Far Series R ; Far Pull-up R ; Far Pull-down R ; Far C ; Termination Voltage ; Far Differential R ; EBD File Name ; EBD Signal Name ; EBD Far-end ;
+---------------+--------------+-------------------+-------------------------+-------------------------+---------------+---------------------+----------------+------------------+--------+------------------+------------------------+------------------------+--------------+---------------+-----------------+-------+---------------------+--------------------+---------------+-----------------+-------------+
; out           ; 2.5 V        ; 0 in              ; 0 H/in                  ; 0 F/in                  ; short         ; -                   ; open           ; open             ; open   ; 0 in             ; 0 H/in                 ; 0 F/in                 ; short        ; open          ; open            ; open  ; 0 V                 ; -                  ; n/a           ; n/a             ; n/a         ;
; ~ALTERA_DCLK~ ; 2.5 V        ; 0 in              ; 0 H/in                  ; 0 F/in                  ; short         ; -                   ; open           ; open             ; open   ; 0 in             ; 0 H/in                 ; 0 F/in                 ; short        ; open          ; open            ; open  ; 0 V                 ; -                  ; n/a           ; n/a             ; n/a         ;
; ~ALTERA_nCEO~ ; 2.5 V        ; 0 in              ; 0 H/in                  ; 0 F/in                  ; short         ; -                   ; open           ; open             ; open   ; 0 in             ; 0 H/in                 ; 0 F/in                 ; short        ; open          ; open            ; open  ; 0 V                 ; -                  ; n/a           ; n/a             ; n/a         ;
+---------------+--------------+-------------------+-------------------------+-------------------------+---------------+---------------------+----------------+------------------+--------+------------------+------------------------+------------------------+--------------+---------------+-----------------+-------+---------------------+--------------------+---------------+-----------------+-------------+


+----------------------------------------------------------------------------+
; Input Transition Times                                                     ;
+-------------------------+--------------+-----------------+-----------------+
; Pin                     ; I/O Standard ; 10-90 Rise Time ; 90-10 Fall Time ;
+-------------------------+--------------+-----------------+-----------------+
; x[1]                    ; 2.5 V        ; 2000 ps         ; 2000 ps         ;
; x[3]                    ; 2.5 V        ; 2000 ps         ; 2000 ps         ;
; x[0]                    ; 2.5 V        ; 2000 ps         ; 2000 ps         ;
; x[2]                    ; 2.5 V        ; 2000 ps         ; 2000 ps         ;
; ~ALTERA_ASDO_DATA1~     ; 2.5 V        ; 2000 ps         ; 2000 ps         ;
; ~ALTERA_FLASH_nCE_nCSO~ ; 2.5 V        ; 2000 ps         ; 2000 ps         ;
; ~ALTERA_DATA0~          ; 2.5 V        ; 2000 ps         ; 2000 ps         ;
+-------------------------+--------------+-----------------+-----------------+


+--------------------------------------------------------------------------------------------------------------------------------------------------------------------------------------------------------------------------------------------------------------------------------------------------------------------------------------------------------------------------------------------------------------------------------------------------------------------------------------------------------------------------------------------------------------------------------------------------------------------------------------------------------------------------------------------+
; Slow Corner Signal Integrity Metrics                                                                                                                                                                                                                                                                                                                                                                                                                                                                                                                                                                                                                                                       ;
+---------------+--------------+---------------------+---------------------+------------------------------+------------------------------+---------------------+---------------------+--------------------------------------+--------------------------------------+-----------------------------+-----------------------------+----------------------------+----------------------------+-----------------------------+-----------------------------+--------------------+--------------------+-------------------------------------+-------------------------------------+----------------------------+----------------------------+---------------------------+---------------------------+
; Pin           ; I/O Standard ; Board Delay on Rise ; Board Delay on Fall ; Steady State Voh at FPGA Pin ; Steady State Vol at FPGA Pin ; Voh Max at FPGA Pin ; Vol Min at FPGA Pin ; Ringback Voltage on Rise at FPGA Pin ; Ringback Voltage on Fall at FPGA Pin ; 10-90 Rise Time at FPGA Pin ; 90-10 Fall Time at FPGA Pin ; Monotonic Rise at FPGA Pin ; Monotonic Fall at FPGA Pin ; Steady State Voh at Far-end ; Steady State Vol at Far-end ; Voh Max at Far-end ; Vol Min at Far-end ; Ringback Voltage on Rise at Far-end ; Ringback Voltage on Fall at Far-end ; 10-90 Rise Time at Far-end ; 90-10 Fall Time at Far-end ; Monotonic Rise at Far-end ; Monotonic Fall at Far-end ;
+---------------+--------------+---------------------+---------------------+------------------------------+------------------------------+---------------------+---------------------+--------------------------------------+--------------------------------------+-----------------------------+-----------------------------+----------------------------+----------------------------+-----------------------------+-----------------------------+--------------------+--------------------+-------------------------------------+-------------------------------------+----------------------------+----------------------------+---------------------------+---------------------------+
; out           ; 2.5 V        ; 0 s                 ; 0 s                 ; 2.32 V                       ; 1.08e-06 V                   ; 2.36 V              ; -0.0113 V           ; 0.122 V                              ; 0.022 V                              ; 4.5e-10 s                   ; 4.45e-10 s                  ; Yes                        ; Yes                        ; 2.32 V                      ; 1.08e-06 V                  ; 2.36 V             ; -0.0113 V          ; 0.122 V                             ; 0.022 V                             ; 4.5e-10 s                  ; 4.45e-10 s                 ; Yes                       ; Yes                       ;
; ~ALTERA_DCLK~ ; 2.5 V        ; 0 s                 ; 0 s                 ; 2.32 V                       ; 5.68e-07 V                   ; 2.35 V              ; -0.0132 V           ; 0.2 V                                ; 0.027 V                              ; 5.26e-10 s                  ; 4.81e-10 s                  ; Yes                        ; Yes                        ; 2.32 V                      ; 5.68e-07 V                  ; 2.35 V             ; -0.0132 V          ; 0.2 V                               ; 0.027 V                             ; 5.26e-10 s                 ; 4.81e-10 s                 ; Yes                       ; Yes                       ;
; ~ALTERA_nCEO~ ; 2.5 V        ; 0 s                 ; 0 s                 ; 2.32 V                       ; 9.36e-07 V                   ; 2.35 V              ; -0.00444 V          ; 0.18 V                               ; 0.019 V                              ; 7.23e-10 s                  ; 9.82e-10 s                  ; Yes                        ; Yes                        ; 2.32 V                      ; 9.36e-07 V                  ; 2.35 V             ; -0.00444 V         ; 0.18 V                              ; 0.019 V                             ; 7.23e-10 s                 ; 9.82e-10 s                 ; Yes                       ; Yes                       ;
+---------------+--------------+---------------------+---------------------+------------------------------+------------------------------+---------------------+---------------------+--------------------------------------+--------------------------------------+-----------------------------+-----------------------------+----------------------------+----------------------------+-----------------------------+-----------------------------+--------------------+--------------------+-------------------------------------+-------------------------------------+----------------------------+----------------------------+---------------------------+---------------------------+


+--------------------------------------------------------------------------------------------------------------------------------------------------------------------------------------------------------------------------------------------------------------------------------------------------------------------------------------------------------------------------------------------------------------------------------------------------------------------------------------------------------------------------------------------------------------------------------------------------------------------------------------------------------------------------------------------+
; Fast Corner Signal Integrity Metrics                                                                                                                                                                                                                                                                                                                                                                                                                                                                                                                                                                                                                                                       ;
+---------------+--------------+---------------------+---------------------+------------------------------+------------------------------+---------------------+---------------------+--------------------------------------+--------------------------------------+-----------------------------+-----------------------------+----------------------------+----------------------------+-----------------------------+-----------------------------+--------------------+--------------------+-------------------------------------+-------------------------------------+----------------------------+----------------------------+---------------------------+---------------------------+
; Pin           ; I/O Standard ; Board Delay on Rise ; Board Delay on Fall ; Steady State Voh at FPGA Pin ; Steady State Vol at FPGA Pin ; Voh Max at FPGA Pin ; Vol Min at FPGA Pin ; Ringback Voltage on Rise at FPGA Pin ; Ringback Voltage on Fall at FPGA Pin ; 10-90 Rise Time at FPGA Pin ; 90-10 Fall Time at FPGA Pin ; Monotonic Rise at FPGA Pin ; Monotonic Fall at FPGA Pin ; Steady State Voh at Far-end ; Steady State Vol at Far-end ; Voh Max at Far-end ; Vol Min at Far-end ; Ringback Voltage on Rise at Far-end ; Ringback Voltage on Fall at Far-end ; 10-90 Rise Time at Far-end ; 90-10 Fall Time at Far-end ; Monotonic Rise at Far-end ; Monotonic Fall at Far-end ;
+---------------+--------------+---------------------+---------------------+------------------------------+------------------------------+---------------------+---------------------+--------------------------------------+--------------------------------------+-----------------------------+-----------------------------+----------------------------+----------------------------+-----------------------------+-----------------------------+--------------------+--------------------+-------------------------------------+-------------------------------------+----------------------------+----------------------------+---------------------------+---------------------------+
; out           ; 2.5 V        ; 0 s                 ; 0 s                 ; 2.62 V                       ; 4.11e-08 V                   ; 2.73 V              ; -0.0566 V           ; 0.191 V                              ; 0.12 V                               ; 2.69e-10 s                  ; 2.76e-10 s                  ; Yes                        ; Yes                        ; 2.62 V                      ; 4.11e-08 V                  ; 2.73 V             ; -0.0566 V          ; 0.191 V                             ; 0.12 V                              ; 2.69e-10 s                 ; 2.76e-10 s                 ; Yes                       ; Yes                       ;
; ~ALTERA_DCLK~ ; 2.5 V        ; 0 s                 ; 0 s                 ; 2.62 V                       ; 2.22e-08 V                   ; 2.72 V              ; -0.0747 V           ; 0.28 V                               ; 0.169 V                              ; 3.1e-10 s                   ; 3.01e-10 s                  ; No                         ; Yes                        ; 2.62 V                      ; 2.22e-08 V                  ; 2.72 V             ; -0.0747 V          ; 0.28 V                              ; 0.169 V                             ; 3.1e-10 s                  ; 3.01e-10 s                 ; No                        ; Yes                       ;
; ~ALTERA_nCEO~ ; 2.5 V        ; 0 s                 ; 0 s                 ; 2.62 V                       ; 3.53e-08 V                   ; 2.7 V               ; -0.0212 V           ; 0.204 V                              ; 0.049 V                              ; 4.85e-10 s                  ; 6.73e-10 s                  ; No                         ; Yes                        ; 2.62 V                      ; 3.53e-08 V                  ; 2.7 V              ; -0.0212 V          ; 0.204 V                             ; 0.049 V                             ; 4.85e-10 s                 ; 6.73e-10 s                 ; No                        ; Yes                       ;
+---------------+--------------+---------------------+---------------------+------------------------------+------------------------------+---------------------+---------------------+--------------------------------------+--------------------------------------+-----------------------------+-----------------------------+----------------------------+----------------------------+-----------------------------+-----------------------------+--------------------+--------------------+-------------------------------------+-------------------------------------+----------------------------+----------------------------+---------------------------+---------------------------+


-------------------
; Clock Transfers ;
-------------------
Nothing to report.


---------------
; Report TCCS ;
---------------
No dedicated SERDES Transmitter circuitry present in device or used in design


---------------
; Report RSKM ;
---------------
No dedicated SERDES Receiver circuitry present in device or used in design


+------------------------------------------------+
; Unconstrained Paths                            ;
+---------------------------------+-------+------+
; Property                        ; Setup ; Hold ;
+---------------------------------+-------+------+
; Illegal Clocks                  ; 0     ; 0    ;
; Unconstrained Clocks            ; 0     ; 0    ;
; Unconstrained Input Ports       ; 4     ; 4    ;
; Unconstrained Input Port Paths  ; 4     ; 4    ;
; Unconstrained Output Ports      ; 1     ; 1    ;
; Unconstrained Output Port Paths ; 4     ; 4    ;
+---------------------------------+-------+------+


+------------------------------------+
; TimeQuest Timing Analyzer Messages ;
+------------------------------------+
Info: *******************************************************************
Info: Running Quartus II 64-Bit TimeQuest Timing Analyzer
    Info: Version 12.1 Build 243 01/31/2013 Service Pack 1 SJ Web Edition
    Info: Processing started: Fri Sep 06 00:00:17 2019
Info: Command: quartus_sta labka12 -c labka12
Info: qsta_default_script.tcl version: #1
Warning (20028): Parallel compilation is not licensed and has been disabled
Info (21077): Core supply voltage is 1.2V
Info (21077): Low junction temperature is 0 degrees C
Info (21077): High junction temperature is 85 degrees C
Info (332104): Reading SDC File: 'labka12.sdc'
Info (332151): Clock uncertainty is not calculated until you update the timing netlist.
Info (332154): The derive_clock_uncertainty command did not apply clock uncertainty to any clock-to-clock transfers.
Info: Found TIMEQUEST_REPORT_SCRIPT_INCLUDE_DEFAULT_ANALYSIS = ON
Info: Analyzing Slow 1200mV 85C Model
Info (332140): No fmax paths to report
Info (332140): No Setup paths to report
Info (332140): No Hold paths to report
Info (332140): No Recovery paths to report
Info (332140): No Removal paths to report
Info (332146): Worst-case minimum pulse width slack is 21.000
    Info (332119):     Slack End Point TNS Clock 
    Info (332119): ========= ============= =====================
    Info (332119):    21.000         0.000 4 
    Info (332119):    46.000         0.000 3 
    Info (332119):    96.000         0.000 2 
    Info (332119):   196.000         0.000 1 
Info: Analyzing Slow 1200mV 0C Model
Info (334003): Started post-fitting delay annotation
Info (334004): Delay annotation completed successfully
Info (332154): The derive_clock_uncertainty command did not apply clock uncertainty to any clock-to-clock transfers.
Info (332140): No fmax paths to report
Info (332140): No Setup paths to report
Info (332140): No Hold paths to report
Info (332140): No Recovery paths to report
Info (332140): No Removal paths to report
Info (332146): Worst-case minimum pulse width slack is 21.000
    Info (332119):     Slack End Point TNS Clock 
    Info (332119): ========= ============= =====================
    Info (332119):    21.000         0.000 4 
    Info (332119):    46.000         0.000 3 
    Info (332119):    96.000         0.000 2 
    Info (332119):   196.000         0.000 1 
Info: Analyzing Fast 1200mV 0C Model
Info (332154): The derive_clock_uncertainty command did not apply clock uncertainty to any clock-to-clock transfers.
Info (332140): No Setup paths to report
Info (332140): No Hold paths to report
Info (332140): No Recovery paths to report
Info (332140): No Removal paths to report
Info (332146): Worst-case minimum pulse width slack is 21.000
    Info (332119):     Slack End Point TNS Clock 
    Info (332119): ========= ============= =====================
    Info (332119):    21.000         0.000 4 
    Info (332119):    46.000         0.000 3 
    Info (332119):    96.000         0.000 2 
    Info (332119):   196.000         0.000 1 
Info (332102): Design is not fully constrained for setup requirements
Info (332102): Design is not fully constrained for hold requirements
Info: Quartus II 64-Bit TimeQuest Timing Analyzer was successful. 0 errors, 2 warnings
    Info: Peak virtual memory: 417 megabytes
    Info: Processing ended: Fri Sep 06 00:00:21 2019
    Info: Elapsed time: 00:00:04
    Info: Total CPU time (on all processors): 00:00:01


