------------------------------------------------------------
TimeQuest Timing Analyzer Summary
------------------------------------------------------------

Type  : Slow 1200mV 85C Model Setup 'Clk'
Slack : -31.771
TNS   : -11791.383

Type  : Slow 1200mV 85C Model Setup 'mc8051_core:processor|mc8051_control:i_mc8051_control|control_mem:i_control_mem|p3[0]'
Slack : -1.058
TNS   : -30.044

Type  : Slow 1200mV 85C Model Hold 'mc8051_core:processor|mc8051_control:i_mc8051_control|control_mem:i_control_mem|p3[0]'
Slack : -0.177
TNS   : -2.938

Type  : Slow 1200mV 85C Model Hold 'Clk'
Slack : 0.044
TNS   : 0.000

Type  : Slow 1200mV 85C Model Minimum Pulse Width 'Clk'
Slack : -3.000
TNS   : -510.566

Type  : Slow 1200mV 85C Model Minimum Pulse Width 'mc8051_core:processor|mc8051_control:i_mc8051_control|control_mem:i_control_mem|p3[0]'
Slack : -1.000
TNS   : -32.000

Type  : Slow 1200mV 0C Model Setup 'Clk'
Slack : -28.569
TNS   : -10583.145

Type  : Slow 1200mV 0C Model Setup 'mc8051_core:processor|mc8051_control:i_mc8051_control|control_mem:i_control_mem|p3[0]'
Slack : -0.987
TNS   : -28.358

Type  : Slow 1200mV 0C Model Hold 'mc8051_core:processor|mc8051_control:i_mc8051_control|control_mem:i_control_mem|p3[0]'
Slack : -0.139
TNS   : -2.281

Type  : Slow 1200mV 0C Model Hold 'Clk'
Slack : -0.025
TNS   : -0.025

Type  : Slow 1200mV 0C Model Minimum Pulse Width 'Clk'
Slack : -3.000
TNS   : -510.566

Type  : Slow 1200mV 0C Model Minimum Pulse Width 'mc8051_core:processor|mc8051_control:i_mc8051_control|control_mem:i_control_mem|p3[0]'
Slack : -1.000
TNS   : -32.000

Type  : Fast 1200mV 0C Model Setup 'Clk'
Slack : -17.699
TNS   : -6520.161

Type  : Fast 1200mV 0C Model Setup 'mc8051_core:processor|mc8051_control:i_mc8051_control|control_mem:i_control_mem|p3[0]'
Slack : -0.314
TNS   : -7.404

Type  : Fast 1200mV 0C Model Hold 'mc8051_core:processor|mc8051_control:i_mc8051_control|control_mem:i_control_mem|p3[0]'
Slack : -0.139
TNS   : -2.572

Type  : Fast 1200mV 0C Model Hold 'Clk'
Slack : -0.058
TNS   : -0.058

Type  : Fast 1200mV 0C Model Minimum Pulse Width 'Clk'
Slack : -3.000
TNS   : -534.067

Type  : Fast 1200mV 0C Model Minimum Pulse Width 'mc8051_core:processor|mc8051_control:i_mc8051_control|control_mem:i_control_mem|p3[0]'
Slack : -1.000
TNS   : -32.000

------------------------------------------------------------
